D:\Pachore_Mayuresh_ASDP\Pachore_Mayuresh_Project_1\Pachore_Mayuresh_Project_1\Temp\Includes\AS_TempDecl\MpComponents.var
D:\Pachore_Mayuresh_ASDP\Pachore_Mayuresh_Project_1\Pachore_Mayuresh_Project_1\Logical\MNG_Global.typ
D:\Pachore_Mayuresh_ASDP\Pachore_Mayuresh_Project_1\Pachore_Mayuresh_Project_1\Logical\Global.typ
D:\Pachore_Mayuresh_ASDP\Pachore_Mayuresh_Project_1\Pachore_Mayuresh_Project_1\Logical\MNG_Package.var
D:\Pachore_Mayuresh_ASDP\Pachore_Mayuresh_Project_1\Pachore_Mayuresh_Project_1\Logical\MNG_Package.typ
D:\Pachore_Mayuresh_ASDP\Pachore_Mayuresh_Project_1\Pachore_Mayuresh_Project_1\Logical\Global.var
D:\Pachore_Mayuresh_ASDP\Pachore_Mayuresh_Project_1\Pachore_Mayuresh_Project_1\Logical\Libraries\operator\operator.fun
D:\Pachore_Mayuresh_ASDP\Pachore_Mayuresh_Project_1\Pachore_Mayuresh_Project_1\Logical\Libraries\operator\operator.typ
D:\Pachore_Mayuresh_ASDP\Pachore_Mayuresh_Project_1\Pachore_Mayuresh_Project_1\Logical\Libraries\operator\operator.var
D:\Pachore_Mayuresh_ASDP\Pachore_Mayuresh_Project_1\Pachore_Mayuresh_Project_1\Logical\Libraries\runtime\runtime.fun
D:\Pachore_Mayuresh_ASDP\Pachore_Mayuresh_Project_1\Pachore_Mayuresh_Project_1\Logical\Libraries\runtime\runtime.typ
D:\Pachore_Mayuresh_ASDP\Pachore_Mayuresh_Project_1\Pachore_Mayuresh_Project_1\Logical\Libraries\runtime\runtime.var
D:\Pachore_Mayuresh_ASDP\Pachore_Mayuresh_Project_1\Pachore_Mayuresh_Project_1\Logical\Libraries\astime\astime.fun
D:\Pachore_Mayuresh_ASDP\Pachore_Mayuresh_Project_1\Pachore_Mayuresh_Project_1\Logical\Libraries\astime\astime.typ
D:\Pachore_Mayuresh_ASDP\Pachore_Mayuresh_Project_1\Pachore_Mayuresh_Project_1\Logical\Libraries\astime\astime.var
D:\Pachore_Mayuresh_ASDP\Pachore_Mayuresh_Project_1\Pachore_Mayuresh_Project_1\Logical\Libraries\AsIecCon\AsIecCon.fun
D:\Pachore_Mayuresh_ASDP\Pachore_Mayuresh_Project_1\Pachore_Mayuresh_Project_1\Logical\Libraries\AsIecCon\AsIecCon.typ
D:\Pachore_Mayuresh_ASDP\Pachore_Mayuresh_Project_1\Pachore_Mayuresh_Project_1\Logical\Libraries\AsIecCon\AsIecCon.var
D:\Pachore_Mayuresh_ASDP\Pachore_Mayuresh_Project_1\Pachore_Mayuresh_Project_1\Logical\Libraries\sys_lib\sys_lib.fun
D:\Pachore_Mayuresh_ASDP\Pachore_Mayuresh_Project_1\Pachore_Mayuresh_Project_1\Logical\Libraries\sys_lib\sys_lib.typ
D:\Pachore_Mayuresh_ASDP\Pachore_Mayuresh_Project_1\Pachore_Mayuresh_Project_1\Logical\Libraries\sys_lib\sys_lib.var
D:\Pachore_Mayuresh_ASDP\Pachore_Mayuresh_Project_1\Pachore_Mayuresh_Project_1\Logical\Libraries\brsystem\brsystem.fun
D:\Pachore_Mayuresh_ASDP\Pachore_Mayuresh_Project_1\Pachore_Mayuresh_Project_1\Logical\Libraries\brsystem\brsystem.typ
D:\Pachore_Mayuresh_ASDP\Pachore_Mayuresh_Project_1\Pachore_Mayuresh_Project_1\Logical\Libraries\brsystem\brsystem.var
D:\Pachore_Mayuresh_ASDP\Pachore_Mayuresh_Project_1\Pachore_Mayuresh_Project_1\Logical\Libraries\Acp10man\Acp10man.typ
D:\Pachore_Mayuresh_ASDP\Pachore_Mayuresh_Project_1\Pachore_Mayuresh_Project_1\Logical\Libraries\Acp10par\Acp10par.var
D:\Pachore_Mayuresh_ASDP\Pachore_Mayuresh_Project_1\Pachore_Mayuresh_Project_1\Logical\Libraries\NcGlobal\NcGlobal.fun
D:\Pachore_Mayuresh_ASDP\Pachore_Mayuresh_Project_1\Pachore_Mayuresh_Project_1\Logical\Libraries\NcGlobal\NcGlobal.typ
D:\Pachore_Mayuresh_ASDP\Pachore_Mayuresh_Project_1\Pachore_Mayuresh_Project_1\Logical\Libraries\NcGlobal\NcGlobal.var
D:\Pachore_Mayuresh_ASDP\Pachore_Mayuresh_Project_1\Pachore_Mayuresh_Project_1\Logical\Libraries\Acp10sim\acp10sim.var
D:\Pachore_Mayuresh_ASDP\Pachore_Mayuresh_Project_1\Pachore_Mayuresh_Project_1\Logical\Libraries\Acp10sim\acp10sim.typ
D:\Pachore_Mayuresh_ASDP\Pachore_Mayuresh_Project_1\Pachore_Mayuresh_Project_1\Logical\Libraries\Acp10_MC\acp10_mc.fun
D:\Pachore_Mayuresh_ASDP\Pachore_Mayuresh_Project_1\Pachore_Mayuresh_Project_1\Logical\Libraries\Acp10_MC\acp10_mc.typ
D:\Pachore_Mayuresh_ASDP\Pachore_Mayuresh_Project_1\Pachore_Mayuresh_Project_1\Logical\Libraries\Acp10_MC\acp10_mc.var
D:\Pachore_Mayuresh_ASDP\Pachore_Mayuresh_Project_1\Pachore_Mayuresh_Project_1\Logical\Libraries\MpAxis\MpAxis.typ
D:\Pachore_Mayuresh_ASDP\Pachore_Mayuresh_Project_1\Pachore_Mayuresh_Project_1\Logical\Libraries\MpAxis\MpAxisError.typ
D:\Pachore_Mayuresh_ASDP\Pachore_Mayuresh_Project_1\Pachore_Mayuresh_Project_1\Logical\Libraries\MpAxis\MpAxisAlarm.typ
D:\Pachore_Mayuresh_ASDP\Pachore_Mayuresh_Project_1\Pachore_Mayuresh_Project_1\Logical\Libraries\MpAxis\MpAxis.fun
D:\Pachore_Mayuresh_ASDP\Pachore_Mayuresh_Project_1\Pachore_Mayuresh_Project_1\Logical\Libraries\AsTCP\AsTCP.fun
D:\Pachore_Mayuresh_ASDP\Pachore_Mayuresh_Project_1\Pachore_Mayuresh_Project_1\Logical\Libraries\AsTCP\AsTCP.typ
D:\Pachore_Mayuresh_ASDP\Pachore_Mayuresh_Project_1\Pachore_Mayuresh_Project_1\Logical\Libraries\AsTCP\AsTCP.var
D:\Pachore_Mayuresh_ASDP\Pachore_Mayuresh_Project_1\Pachore_Mayuresh_Project_1\Logical\Libraries\standard\standard.fun
D:\Pachore_Mayuresh_ASDP\Pachore_Mayuresh_Project_1\Pachore_Mayuresh_Project_1\Logical\Libraries\standard\standard.typ
D:\Pachore_Mayuresh_ASDP\Pachore_Mayuresh_Project_1\Pachore_Mayuresh_Project_1\Logical\Libraries\standard\standard.var
D:\Pachore_Mayuresh_ASDP\Pachore_Mayuresh_Project_1\Pachore_Mayuresh_Project_1\Logical\Libraries\AsArLog\AsArLog.fun
D:\Pachore_Mayuresh_ASDP\Pachore_Mayuresh_Project_1\Pachore_Mayuresh_Project_1\Logical\Libraries\AsArLog\AsArLog.typ
D:\Pachore_Mayuresh_ASDP\Pachore_Mayuresh_Project_1\Pachore_Mayuresh_Project_1\Logical\Libraries\AsArLog\AsArLog.var
D:\Pachore_Mayuresh_ASDP\Pachore_Mayuresh_Project_1\Pachore_Mayuresh_Project_1\Logical\Libraries\AsBrStr\AsBrStr.fun
D:\Pachore_Mayuresh_ASDP\Pachore_Mayuresh_Project_1\Pachore_Mayuresh_Project_1\Logical\Libraries\AsBrStr\AsBrStr.typ
D:\Pachore_Mayuresh_ASDP\Pachore_Mayuresh_Project_1\Pachore_Mayuresh_Project_1\Logical\Libraries\AsBrStr\AsBrStr.var
D:\Pachore_Mayuresh_ASDP\Pachore_Mayuresh_Project_1\Pachore_Mayuresh_Project_1\Logical\Libraries\MpBase\MpBase.var
D:\Pachore_Mayuresh_ASDP\Pachore_Mayuresh_Project_1\Pachore_Mayuresh_Project_1\Logical\Libraries\MpBase\MpBase.typ
D:\Pachore_Mayuresh_ASDP\Pachore_Mayuresh_Project_1\Pachore_Mayuresh_Project_1\Logical\Libraries\MpBase\MpBase.fun
D:\Pachore_Mayuresh_ASDP\Pachore_Mayuresh_Project_1\Pachore_Mayuresh_Project_1\Logical\Libraries\MpCom\MpCom.var
D:\Pachore_Mayuresh_ASDP\Pachore_Mayuresh_Project_1\Pachore_Mayuresh_Project_1\Logical\Libraries\MpCom\MpCom.typ
D:\Pachore_Mayuresh_ASDP\Pachore_Mayuresh_Project_1\Pachore_Mayuresh_Project_1\Logical\Libraries\MpCom\MpComError.typ
D:\Pachore_Mayuresh_ASDP\Pachore_Mayuresh_Project_1\Pachore_Mayuresh_Project_1\Logical\Libraries\MpCom\MpCom.fun
D:\Pachore_Mayuresh_ASDP\Pachore_Mayuresh_Project_1\Pachore_Mayuresh_Project_1\Logical\Libraries\My_Library\Types.typ
D:\Pachore_Mayuresh_ASDP\Pachore_Mayuresh_Project_1\Pachore_Mayuresh_Project_1\Logical\Libraries\My_Library\Constants.var
D:\Pachore_Mayuresh_ASDP\Pachore_Mayuresh_Project_1\Pachore_Mayuresh_Project_1\Logical\Libraries\My_Library\My_Library.fun
D:\Pachore_Mayuresh_ASDP\Pachore_Mayuresh_Project_1\Pachore_Mayuresh_Project_1\Logical\Libraries\AsIODiag\AsIODiag.fun
D:\Pachore_Mayuresh_ASDP\Pachore_Mayuresh_Project_1\Pachore_Mayuresh_Project_1\Logical\Libraries\AsIODiag\AsIODiag.typ
D:\Pachore_Mayuresh_ASDP\Pachore_Mayuresh_Project_1\Pachore_Mayuresh_Project_1\Logical\Libraries\AsIODiag\AsIODiag.var
