<?xml version="1.0" encoding="utf-8"?>
<?AutomationStudio Version="4.12.6.106"?>
<Objects>
  <Object
    Path="D:\Pachore_Mayuresh_ASDP\Pachore_Mayuresh_Project_3\Pachore_Mayuresh_Project_3\Logical\Package.pkg"
    LogicalPath=""
    Type="Package.ParentUnknown"
    LastWriteTime="133895586222236523" />
  <Object
    Path="D:\Pachore_Mayuresh_ASDP\Pachore_Mayuresh_Project_3\Pachore_Mayuresh_Project_3\Logical\MNG_Global.typ"
    LogicalPath="MNG_Global.typ"
    Type="File"
    LastWriteTime="133895567662148584"
    Private="false" />
  <Object
    Path="D:\Pachore_Mayuresh_ASDP\Pachore_Mayuresh_Project_3\Pachore_Mayuresh_Project_3\Logical\MNG_Package.typ"
    LogicalPath="MNG_Package.typ"
    Type="File"
    LastWriteTime="133895567686953651"
    Private="false" />
  <Object
    Path="D:\Pachore_Mayuresh_ASDP\Pachore_Mayuresh_Project_3\Pachore_Mayuresh_Project_3\Logical\MNG_Package.var"
    LogicalPath="MNG_Package.var"
    Type="File"
    LastWriteTime="133895567706191720"
    Private="false" />
  <Object
    Path="D:\Pachore_Mayuresh_ASDP\Pachore_Mayuresh_Project_3\Pachore_Mayuresh_Project_3\Logical\Global.typ"
    LogicalPath="Global.typ"
    Type="File"
    LastWriteTime="133895461023003025"
    Private="false" />
  <Object
    Path="D:\Pachore_Mayuresh_ASDP\Pachore_Mayuresh_Project_3\Pachore_Mayuresh_Project_3\Logical\Global.var"
    LogicalPath="Global.var"
    Type="File"
    LastWriteTime="133898645960149260"
    Private="false" />
  <Object
    Path="D:\Pachore_Mayuresh_ASDP\Pachore_Mayuresh_Project_3\Pachore_Mayuresh_Project_3\Logical\Libraries\Package.pkg"
    LogicalPath="Libraries"
    Type="Package"
    LastWriteTime="133897138045286973" />
  <Object
    Path="D:\Pachore_Mayuresh_ASDP\Pachore_Mayuresh_Project_3\Pachore_Mayuresh_Project_3\Logical\Libraries\operator\binary.lby"
    LogicalPath="Libraries.operator"
    Type="Library"
    LastWriteTime="133895461027430441" />
  <Object
    Path="D:\Pachore_Mayuresh_ASDP\Pachore_Mayuresh_Project_3\Pachore_Mayuresh_Project_3\Logical\Libraries\operator\operator.fun"
    LogicalPath="Libraries.operator.operator.fun"
    Type="File"
    LastWriteTime="133895461027385321"
    Private="false" />
  <Object
    Path="D:\Pachore_Mayuresh_ASDP\Pachore_Mayuresh_Project_3\Pachore_Mayuresh_Project_3\Logical\Libraries\operator\operator.typ"
    LogicalPath="Libraries.operator.operator.typ"
    Type="File"
    LastWriteTime="133895461027420477"
    Private="false" />
  <Object
    Path="D:\Pachore_Mayuresh_ASDP\Pachore_Mayuresh_Project_3\Pachore_Mayuresh_Project_3\Logical\Libraries\operator\operator.var"
    LogicalPath="Libraries.operator.operator.var"
    Type="File"
    LastWriteTime="133895461027430441"
    Private="false" />
  <Object
    Path="D:\Pachore_Mayuresh_ASDP\Pachore_Mayuresh_Project_3\Pachore_Mayuresh_Project_3\Logical\Libraries\runtime\binary.lby"
    LogicalPath="Libraries.runtime"
    Type="Library"
    LastWriteTime="133895461029284386" />
  <Object
    Path="D:\Pachore_Mayuresh_ASDP\Pachore_Mayuresh_Project_3\Pachore_Mayuresh_Project_3\Logical\Libraries\runtime\runtime.fun"
    LogicalPath="Libraries.runtime.runtime.fun"
    Type="File"
    LastWriteTime="133895461029254453"
    Private="false" />
  <Object
    Path="D:\Pachore_Mayuresh_ASDP\Pachore_Mayuresh_Project_3\Pachore_Mayuresh_Project_3\Logical\Libraries\runtime\runtime.typ"
    LogicalPath="Libraries.runtime.runtime.typ"
    Type="File"
    LastWriteTime="133895461029264427"
    Private="false" />
  <Object
    Path="D:\Pachore_Mayuresh_ASDP\Pachore_Mayuresh_Project_3\Pachore_Mayuresh_Project_3\Logical\Libraries\runtime\runtime.var"
    LogicalPath="Libraries.runtime.runtime.var"
    Type="File"
    LastWriteTime="133895461029274401"
    Private="false" />
  <Object
    Path="D:\Pachore_Mayuresh_ASDP\Pachore_Mayuresh_Project_3\Pachore_Mayuresh_Project_3\Logical\Libraries\astime\binary.lby"
    LogicalPath="Libraries.astime"
    Type="Library"
    LastWriteTime="133895461031477890" />
  <Object
    Path="D:\Pachore_Mayuresh_ASDP\Pachore_Mayuresh_Project_3\Pachore_Mayuresh_Project_3\Logical\Libraries\astime\astime.fun"
    LogicalPath="Libraries.astime.astime.fun"
    Type="File"
    LastWriteTime="133895461031457948"
    Private="false" />
  <Object
    Path="D:\Pachore_Mayuresh_ASDP\Pachore_Mayuresh_Project_3\Pachore_Mayuresh_Project_3\Logical\Libraries\astime\astime.typ"
    LogicalPath="Libraries.astime.astime.typ"
    Type="File"
    LastWriteTime="133895461031467908"
    Private="false" />
  <Object
    Path="D:\Pachore_Mayuresh_ASDP\Pachore_Mayuresh_Project_3\Pachore_Mayuresh_Project_3\Logical\Libraries\astime\astime.var"
    LogicalPath="Libraries.astime.astime.var"
    Type="File"
    LastWriteTime="133895461031477890"
    Private="false" />
  <Object
    Path="D:\Pachore_Mayuresh_ASDP\Pachore_Mayuresh_Project_3\Pachore_Mayuresh_Project_3\Logical\Libraries\AsIecCon\binary.lby"
    LogicalPath="Libraries.AsIecCon"
    Type="Library"
    LastWriteTime="133895461033289708" />
  <Object
    Path="D:\Pachore_Mayuresh_ASDP\Pachore_Mayuresh_Project_3\Pachore_Mayuresh_Project_3\Logical\Libraries\AsIecCon\AsIecCon.fun"
    LogicalPath="Libraries.AsIecCon.AsIecCon.fun"
    Type="File"
    LastWriteTime="133895461033259788"
    Private="false" />
  <Object
    Path="D:\Pachore_Mayuresh_ASDP\Pachore_Mayuresh_Project_3\Pachore_Mayuresh_Project_3\Logical\Libraries\AsIecCon\AsIecCon.typ"
    LogicalPath="Libraries.AsIecCon.AsIecCon.typ"
    Type="File"
    LastWriteTime="133895461033269764"
    Private="false" />
  <Object
    Path="D:\Pachore_Mayuresh_ASDP\Pachore_Mayuresh_Project_3\Pachore_Mayuresh_Project_3\Logical\Libraries\AsIecCon\AsIecCon.var"
    LogicalPath="Libraries.AsIecCon.AsIecCon.var"
    Type="File"
    LastWriteTime="133895461033279753"
    Private="false" />
  <Object
    Path="D:\Pachore_Mayuresh_ASDP\Pachore_Mayuresh_Project_3\Pachore_Mayuresh_Project_3\Logical\Libraries\Acp10man\Binary.lby"
    LogicalPath="Libraries.Acp10man"
    Type="Library"
    LastWriteTime="133895462838603772" />
  <Object
    Path="D:\Pachore_Mayuresh_ASDP\Pachore_Mayuresh_Project_3\Pachore_Mayuresh_Project_3\Logical\Libraries\Acp10man\Acp10man.typ"
    LogicalPath="Libraries.Acp10man.Acp10man.typ"
    Type="File"
    LastWriteTime="133895462838593803"
    Private="false" />
  <Object
    Path="D:\Pachore_Mayuresh_ASDP\Pachore_Mayuresh_Project_3\Pachore_Mayuresh_Project_3\Logical\Libraries\Acp10par\Binary.lby"
    LogicalPath="Libraries.Acp10par"
    Type="Library"
    LastWriteTime="133895462838827383" />
  <Object
    Path="D:\Pachore_Mayuresh_ASDP\Pachore_Mayuresh_Project_3\Pachore_Mayuresh_Project_3\Logical\Libraries\Acp10par\Acp10par.var"
    LogicalPath="Libraries.Acp10par.Acp10par.var"
    Type="File"
    LastWriteTime="133895462838827383"
    Private="false" />
  <Object
    Path="D:\Pachore_Mayuresh_ASDP\Pachore_Mayuresh_Project_3\Pachore_Mayuresh_Project_3\Logical\Libraries\NcGlobal\Binary.lby"
    LogicalPath="Libraries.NcGlobal"
    Type="Library"
    LastWriteTime="133895462839070796" />
  <Object
    Path="D:\Pachore_Mayuresh_ASDP\Pachore_Mayuresh_Project_3\Pachore_Mayuresh_Project_3\Logical\Libraries\NcGlobal\NcGlobal.fun"
    LogicalPath="Libraries.NcGlobal.NcGlobal.fun"
    Type="File"
    LastWriteTime="133895462839060824"
    Private="false" />
  <Object
    Path="D:\Pachore_Mayuresh_ASDP\Pachore_Mayuresh_Project_3\Pachore_Mayuresh_Project_3\Logical\Libraries\NcGlobal\NcGlobal.typ"
    LogicalPath="Libraries.NcGlobal.NcGlobal.typ"
    Type="File"
    LastWriteTime="133895462839060824"
    Private="false" />
  <Object
    Path="D:\Pachore_Mayuresh_ASDP\Pachore_Mayuresh_Project_3\Pachore_Mayuresh_Project_3\Logical\Libraries\NcGlobal\NcGlobal.var"
    LogicalPath="Libraries.NcGlobal.NcGlobal.var"
    Type="File"
    LastWriteTime="133895462839070796"
    Private="false" />
  <Object
    Path="D:\Pachore_Mayuresh_ASDP\Pachore_Mayuresh_Project_3\Pachore_Mayuresh_Project_3\Logical\Libraries\ComTCP\Package.pkg"
    LogicalPath="Libraries.ComTCP"
    Type="Package"
    LastWriteTime="133895468985085128" />
  <Object
    Path="D:\Pachore_Mayuresh_ASDP\Pachore_Mayuresh_Project_3\Pachore_Mayuresh_Project_3\Logical\Libraries\ComTCP\ComTCP_L\ANSIC.lby"
    LogicalPath="Libraries.ComTCP.ComTCP_L"
    Type="Library"
    LastWriteTime="133895463098272787" />
  <Object
    Path="D:\Pachore_Mayuresh_ASDP\Pachore_Mayuresh_Project_3\Pachore_Mayuresh_Project_3\Logical\Libraries\ComTCP\ComTCP_L\MNG_InternalTyp.hpp"
    LogicalPath="Libraries.ComTCP.ComTCP_L.MNG_InternalTyp.hpp"
    Type="File"
    LastWriteTime="133895463098211019"
    Private="false" />
  <Object
    Path="D:\Pachore_Mayuresh_ASDP\Pachore_Mayuresh_Project_3\Pachore_Mayuresh_Project_3\Logical\Libraries\ComTCP\ComTCP_L\MNG_ComHdlr.hpp"
    LogicalPath="Libraries.ComTCP.ComTCP_L.MNG_ComHdlr.hpp"
    Type="File"
    LastWriteTime="133895463098211019"
    Private="false" />
  <Object
    Path="D:\Pachore_Mayuresh_ASDP\Pachore_Mayuresh_Project_3\Pachore_Mayuresh_Project_3\Logical\Libraries\ComTCP\ComTCP_L\MNG_ComHdlr.cpp"
    LogicalPath="Libraries.ComTCP.ComTCP_L.MNG_ComHdlr.cpp"
    Type="File"
    LastWriteTime="133895463098220950"
    Private="false" />
  <Object
    Path="D:\Pachore_Mayuresh_ASDP\Pachore_Mayuresh_Project_3\Pachore_Mayuresh_Project_3\Logical\Libraries\ComTCP\ComTCP_L\MNG_Global.hpp"
    LogicalPath="Libraries.ComTCP.ComTCP_L.MNG_Global.hpp"
    Type="File"
    LastWriteTime="133895463098230916"
    Private="false" />
  <Object
    Path="D:\Pachore_Mayuresh_ASDP\Pachore_Mayuresh_Project_3\Pachore_Mayuresh_Project_3\Logical\Libraries\ComTCP\ComTCP_L\MNG_CpyOutToMsg.cpp"
    LogicalPath="Libraries.ComTCP.ComTCP_L.MNG_CpyOutToMsg.cpp"
    Type="File"
    LastWriteTime="133895463098262816"
    Private="false" />
  <Object
    Path="D:\Pachore_Mayuresh_ASDP\Pachore_Mayuresh_Project_3\Pachore_Mayuresh_Project_3\Logical\Libraries\ComTCP\ComTCP_L\MNG_CpyMsgToInp.cpp"
    LogicalPath="Libraries.ComTCP.ComTCP_L.MNG_CpyMsgToInp.cpp"
    Type="File"
    LastWriteTime="133895463098272787"
    Private="false" />
  <Object
    Path="D:\Pachore_Mayuresh_ASDP\Pachore_Mayuresh_Project_3\Pachore_Mayuresh_Project_3\Logical\Libraries\ComTCP\ComTCP_P\ANSIC.prg"
    LogicalPath="Libraries.ComTCP.ComTCP_P"
    Type="Program"
    LastWriteTime="133895463098647904" />
  <Object
    Path="D:\Pachore_Mayuresh_ASDP\Pachore_Mayuresh_Project_3\Pachore_Mayuresh_Project_3\Logical\Libraries\ComTCP\ComTCP_P\Main.cpp"
    LogicalPath="Libraries.ComTCP.ComTCP_P.Main.cpp"
    Type="File"
    LastWriteTime="133895463098626414"
    Private="false" />
  <Object
    Path="D:\Pachore_Mayuresh_ASDP\Pachore_Mayuresh_Project_3\Pachore_Mayuresh_Project_3\Logical\Libraries\ComTCP\ComTCP_P\Types.typ"
    LogicalPath="Libraries.ComTCP.ComTCP_P.Types.typ"
    Type="File"
    LastWriteTime="133895463098636413"
    Private="true" />
  <Object
    Path="D:\Pachore_Mayuresh_ASDP\Pachore_Mayuresh_Project_3\Pachore_Mayuresh_Project_3\Logical\Libraries\ComTCP\ComTCP_P\Variables.var"
    LogicalPath="Libraries.ComTCP.ComTCP_P.Variables.var"
    Type="File"
    LastWriteTime="133895463098647904"
    Private="true" />
  <Object
    Path="D:\Pachore_Mayuresh_ASDP\Pachore_Mayuresh_Project_3\Pachore_Mayuresh_Project_3\Logical\Libraries\AsTCP\binary.lby"
    LogicalPath="Libraries.AsTCP"
    Type="Library"
    LastWriteTime="133895463103218728" />
  <Object
    Path="D:\Pachore_Mayuresh_ASDP\Pachore_Mayuresh_Project_3\Pachore_Mayuresh_Project_3\Logical\Libraries\AsTCP\AsTCP.fun"
    LogicalPath="Libraries.AsTCP.AsTCP.fun"
    Type="File"
    LastWriteTime="133895463103194941"
    Private="false" />
  <Object
    Path="D:\Pachore_Mayuresh_ASDP\Pachore_Mayuresh_Project_3\Pachore_Mayuresh_Project_3\Logical\Libraries\AsTCP\AsTCP.typ"
    LogicalPath="Libraries.AsTCP.AsTCP.typ"
    Type="File"
    LastWriteTime="133895463103198782"
    Private="false" />
  <Object
    Path="D:\Pachore_Mayuresh_ASDP\Pachore_Mayuresh_Project_3\Pachore_Mayuresh_Project_3\Logical\Libraries\AsTCP\AsTCP.var"
    LogicalPath="Libraries.AsTCP.AsTCP.var"
    Type="File"
    LastWriteTime="133895463103218728"
    Private="false" />
  <Object
    Path="D:\Pachore_Mayuresh_ASDP\Pachore_Mayuresh_Project_3\Pachore_Mayuresh_Project_3\Logical\Libraries\standard\binary.lby"
    LogicalPath="Libraries.standard"
    Type="Library"
    LastWriteTime="133895463112617276" />
  <Object
    Path="D:\Pachore_Mayuresh_ASDP\Pachore_Mayuresh_Project_3\Pachore_Mayuresh_Project_3\Logical\Libraries\standard\standard.fun"
    LogicalPath="Libraries.standard.standard.fun"
    Type="File"
    LastWriteTime="133895463112597343"
    Private="false" />
  <Object
    Path="D:\Pachore_Mayuresh_ASDP\Pachore_Mayuresh_Project_3\Pachore_Mayuresh_Project_3\Logical\Libraries\standard\standard.typ"
    LogicalPath="Libraries.standard.standard.typ"
    Type="File"
    LastWriteTime="133895463112607313"
    Private="false" />
  <Object
    Path="D:\Pachore_Mayuresh_ASDP\Pachore_Mayuresh_Project_3\Pachore_Mayuresh_Project_3\Logical\Libraries\standard\standard.var"
    LogicalPath="Libraries.standard.standard.var"
    Type="File"
    LastWriteTime="133895463112617276"
    Private="false" />
  <Object
    Path="D:\Pachore_Mayuresh_ASDP\Pachore_Mayuresh_Project_3\Pachore_Mayuresh_Project_3\Logical\Libraries\AsArLog\binary.lby"
    LogicalPath="Libraries.AsArLog"
    Type="Library"
    LastWriteTime="133895463116867657" />
  <Object
    Path="D:\Pachore_Mayuresh_ASDP\Pachore_Mayuresh_Project_3\Pachore_Mayuresh_Project_3\Logical\Libraries\AsArLog\AsArLog.fun"
    LogicalPath="Libraries.AsArLog.AsArLog.fun"
    Type="File"
    LastWriteTime="133895463116840740"
    Private="false" />
  <Object
    Path="D:\Pachore_Mayuresh_ASDP\Pachore_Mayuresh_Project_3\Pachore_Mayuresh_Project_3\Logical\Libraries\AsArLog\AsArLog.typ"
    LogicalPath="Libraries.AsArLog.AsArLog.typ"
    Type="File"
    LastWriteTime="133895463116856448"
    Private="false" />
  <Object
    Path="D:\Pachore_Mayuresh_ASDP\Pachore_Mayuresh_Project_3\Pachore_Mayuresh_Project_3\Logical\Libraries\AsArLog\AsArLog.var"
    LogicalPath="Libraries.AsArLog.AsArLog.var"
    Type="File"
    LastWriteTime="133895463116867657"
    Private="false" />
  <Object
    Path="D:\Pachore_Mayuresh_ASDP\Pachore_Mayuresh_Project_3\Pachore_Mayuresh_Project_3\Logical\Libraries\AsBrStr\binary.lby"
    LogicalPath="Libraries.AsBrStr"
    Type="Library"
    LastWriteTime="133895463120982046" />
  <Object
    Path="D:\Pachore_Mayuresh_ASDP\Pachore_Mayuresh_Project_3\Pachore_Mayuresh_Project_3\Logical\Libraries\AsBrStr\AsBrStr.fun"
    LogicalPath="Libraries.AsBrStr.AsBrStr.fun"
    Type="File"
    LastWriteTime="133895463120955886"
    Private="false" />
  <Object
    Path="D:\Pachore_Mayuresh_ASDP\Pachore_Mayuresh_Project_3\Pachore_Mayuresh_Project_3\Logical\Libraries\AsBrStr\AsBrStr.typ"
    LogicalPath="Libraries.AsBrStr.AsBrStr.typ"
    Type="File"
    LastWriteTime="133895463120972052"
    Private="false" />
  <Object
    Path="D:\Pachore_Mayuresh_ASDP\Pachore_Mayuresh_Project_3\Pachore_Mayuresh_Project_3\Logical\Libraries\AsBrStr\AsBrStr.var"
    LogicalPath="Libraries.AsBrStr.AsBrStr.var"
    Type="File"
    LastWriteTime="133895463120982046"
    Private="false" />
  <Object
    Path="D:\Pachore_Mayuresh_ASDP\Pachore_Mayuresh_Project_3\Pachore_Mayuresh_Project_3\Logical\Libraries\S_filter\IEC.lby"
    LogicalPath="Libraries.S_filter"
    Type="Library"
    LastWriteTime="133897141419043384" />
  <Object
    Path="D:\Pachore_Mayuresh_ASDP\Pachore_Mayuresh_Project_3\Pachore_Mayuresh_Project_3\Logical\Libraries\S_filter\Types.typ"
    LogicalPath="Libraries.S_filter.Types.typ"
    Type="File"
    LastWriteTime="133897134714494424"
    Private="false" />
  <Object
    Path="D:\Pachore_Mayuresh_ASDP\Pachore_Mayuresh_Project_3\Pachore_Mayuresh_Project_3\Logical\Libraries\S_filter\Constants.var"
    LogicalPath="Libraries.S_filter.Constants.var"
    Type="File"
    LastWriteTime="133897134714504392"
    Private="false" />
  <Object
    Path="D:\Pachore_Mayuresh_ASDP\Pachore_Mayuresh_Project_3\Pachore_Mayuresh_Project_3\Logical\Libraries\S_filter\S_filter.fun"
    LogicalPath="Libraries.S_filter.S_filter.fun"
    Type="File"
    LastWriteTime="133897168015929715"
    Private="false" />
  <Object
    Path="D:\Pachore_Mayuresh_ASDP\Pachore_Mayuresh_Project_3\Pachore_Mayuresh_Project_3\Logical\Libraries\S_filter\S_filter.st"
    LogicalPath="Libraries.S_filter.S_filter.st"
    Type="File"
    LastWriteTime="133897168673101493"
    Private="false" />
  <Object
    Path="D:\Pachore_Mayuresh_ASDP\Pachore_Mayuresh_Project_3\Pachore_Mayuresh_Project_3\Logical\Libraries\Signal_Mng\IEC.lby"
    LogicalPath="Libraries.Signal_Mng"
    Type="Library"
    LastWriteTime="133895589622410582" />
  <Object
    Path="D:\Pachore_Mayuresh_ASDP\Pachore_Mayuresh_Project_3\Pachore_Mayuresh_Project_3\Logical\Libraries\Signal_Mng\Types.typ"
    LogicalPath="Libraries.Signal_Mng.Types.typ"
    Type="File"
    LastWriteTime="133895589622350756"
    Private="false" />
  <Object
    Path="D:\Pachore_Mayuresh_ASDP\Pachore_Mayuresh_Project_3\Pachore_Mayuresh_Project_3\Logical\Libraries\Signal_Mng\Constants.var"
    LogicalPath="Libraries.Signal_Mng.Constants.var"
    Type="File"
    LastWriteTime="133897051804350128"
    Private="false" />
  <Object
    Path="D:\Pachore_Mayuresh_ASDP\Pachore_Mayuresh_Project_3\Pachore_Mayuresh_Project_3\Logical\Libraries\Signal_Mng\Signal_Mng.fun"
    LogicalPath="Libraries.Signal_Mng.Signal_Mng.fun"
    Type="File"
    LastWriteTime="133897117218159212"
    Private="false" />
  <Object
    Path="D:\Pachore_Mayuresh_ASDP\Pachore_Mayuresh_Project_3\Pachore_Mayuresh_Project_3\Logical\Libraries\Signal_Mng\Signal_Mng.st"
    LogicalPath="Libraries.Signal_Mng.Signal_Mng.st"
    Type="File"
    LastWriteTime="133897119966316724"
    Private="false" />
  <Object
    Path="D:\Pachore_Mayuresh_ASDP\Pachore_Mayuresh_Project_3\Pachore_Mayuresh_Project_3\Logical\Libraries\Gen_Axis\IEC.lby"
    LogicalPath="Libraries.Gen_Axis"
    Type="Library"
    LastWriteTime="133895590123537496" />
  <Object
    Path="D:\Pachore_Mayuresh_ASDP\Pachore_Mayuresh_Project_3\Pachore_Mayuresh_Project_3\Logical\Libraries\Gen_Axis\Types.typ"
    LogicalPath="Libraries.Gen_Axis.Types.typ"
    Type="File"
    LastWriteTime="133895590123497601"
    Private="false" />
  <Object
    Path="D:\Pachore_Mayuresh_ASDP\Pachore_Mayuresh_Project_3\Pachore_Mayuresh_Project_3\Logical\Libraries\Gen_Axis\Constants.var"
    LogicalPath="Libraries.Gen_Axis.Constants.var"
    Type="File"
    LastWriteTime="133895590123507588"
    Private="false" />
  <Object
    Path="D:\Pachore_Mayuresh_ASDP\Pachore_Mayuresh_Project_3\Pachore_Mayuresh_Project_3\Logical\Libraries\Gen_Axis\Gen_Axis.fun"
    LogicalPath="Libraries.Gen_Axis.Gen_Axis.fun"
    Type="File"
    LastWriteTime="133895590123517562"
    Private="false" />
  <Object
    Path="D:\Pachore_Mayuresh_ASDP\Pachore_Mayuresh_Project_3\Pachore_Mayuresh_Project_3\Logical\Libraries\Gen_Axis\Gen_Axis.st"
    LogicalPath="Libraries.Gen_Axis.Gen_Axis.st"
    Type="File"
    LastWriteTime="133895590123527524"
    Private="false" />
  <Object
    Path="D:\Pachore_Mayuresh_ASDP\Pachore_Mayuresh_Project_3\Pachore_Mayuresh_Project_3\Logical\Libraries\Gen_Device\IEC.lby"
    LogicalPath="Libraries.Gen_Device"
    Type="Library"
    LastWriteTime="133895590297218626" />
  <Object
    Path="D:\Pachore_Mayuresh_ASDP\Pachore_Mayuresh_Project_3\Pachore_Mayuresh_Project_3\Logical\Libraries\Gen_Device\Types.typ"
    LogicalPath="Libraries.Gen_Device.Types.typ"
    Type="File"
    LastWriteTime="133895590297193592"
    Private="false" />
  <Object
    Path="D:\Pachore_Mayuresh_ASDP\Pachore_Mayuresh_Project_3\Pachore_Mayuresh_Project_3\Logical\Libraries\Gen_Device\Constants.var"
    LogicalPath="Libraries.Gen_Device.Constants.var"
    Type="File"
    LastWriteTime="133895590297198679"
    Private="false" />
  <Object
    Path="D:\Pachore_Mayuresh_ASDP\Pachore_Mayuresh_Project_3\Pachore_Mayuresh_Project_3\Logical\Libraries\Gen_Device\Gen_Device.fun"
    LogicalPath="Libraries.Gen_Device.Gen_Device.fun"
    Type="File"
    LastWriteTime="133895590297208634"
    Private="false" />
  <Object
    Path="D:\Pachore_Mayuresh_ASDP\Pachore_Mayuresh_Project_3\Pachore_Mayuresh_Project_3\Logical\Libraries\Gen_Device\Gen_Device.st"
    LogicalPath="Libraries.Gen_Device.Gen_Device.st"
    Type="File"
    LastWriteTime="133895590297218626"
    Private="false" />
  <Object
    Path="D:\Pachore_Mayuresh_ASDP\Pachore_Mayuresh_Project_3\Pachore_Mayuresh_Project_3\Logical\Libraries\Blink\IEC.lby"
    LogicalPath="Libraries.Blink"
    Type="Library"
    LastWriteTime="133896563409729939" />
  <Object
    Path="D:\Pachore_Mayuresh_ASDP\Pachore_Mayuresh_Project_3\Pachore_Mayuresh_Project_3\Logical\Libraries\Blink\Types.typ"
    LogicalPath="Libraries.Blink.Types.typ"
    Type="File"
    LastWriteTime="133896563409729939"
    Private="false" />
  <Object
    Path="D:\Pachore_Mayuresh_ASDP\Pachore_Mayuresh_Project_3\Pachore_Mayuresh_Project_3\Logical\Libraries\Blink\Constants.var"
    LogicalPath="Libraries.Blink.Constants.var"
    Type="File"
    LastWriteTime="133896563409729939"
    Private="false" />
  <Object
    Path="D:\Pachore_Mayuresh_ASDP\Pachore_Mayuresh_Project_3\Pachore_Mayuresh_Project_3\Logical\Libraries\Blink\Blink.fun"
    LogicalPath="Libraries.Blink.Blink.fun"
    Type="File"
    LastWriteTime="133896563409729939"
    Private="false" />
  <Object
    Path="D:\Pachore_Mayuresh_ASDP\Pachore_Mayuresh_Project_3\Pachore_Mayuresh_Project_3\Logical\Libraries\Blink\Blink.st"
    LogicalPath="Libraries.Blink.Blink.st"
    Type="File"
    LastWriteTime="133896563409729939"
    Private="false" />
  <Object
    Path="D:\Pachore_Mayuresh_ASDP\Pachore_Mayuresh_Project_3\Pachore_Mayuresh_Project_3\Logical\Libraries\sys_lib\binary.lby"
    LogicalPath="Libraries.sys_lib"
    Type="Library"
    LastWriteTime="133896541165162805" />
  <Object
    Path="D:\Pachore_Mayuresh_ASDP\Pachore_Mayuresh_Project_3\Pachore_Mayuresh_Project_3\Logical\Libraries\sys_lib\sys_lib.fun"
    LogicalPath="Libraries.sys_lib.sys_lib.fun"
    Type="File"
    LastWriteTime="133896541165162805"
    Private="false" />
  <Object
    Path="D:\Pachore_Mayuresh_ASDP\Pachore_Mayuresh_Project_3\Pachore_Mayuresh_Project_3\Logical\Libraries\sys_lib\sys_lib.typ"
    LogicalPath="Libraries.sys_lib.sys_lib.typ"
    Type="File"
    LastWriteTime="133896541165162805"
    Private="false" />
  <Object
    Path="D:\Pachore_Mayuresh_ASDP\Pachore_Mayuresh_Project_3\Pachore_Mayuresh_Project_3\Logical\Libraries\sys_lib\sys_lib.var"
    LogicalPath="Libraries.sys_lib.sys_lib.var"
    Type="File"
    LastWriteTime="133896541165162805"
    Private="false" />
  <Object
    Path="D:\Pachore_Mayuresh_ASDP\Pachore_Mayuresh_Project_3\Pachore_Mayuresh_Project_3\Logical\mappView\Package.pkg"
    LogicalPath="mappView"
    Type="Package"
    LastWriteTime="133895567575349845" />
  <Object
    Path="D:\Pachore_Mayuresh_ASDP\Pachore_Mayuresh_Project_3\Pachore_Mayuresh_Project_3\Logical\mappView\Layouts\Package.pkg"
    LogicalPath="mappView.Layouts"
    Type="Package"
    LastWriteTime="133895567575020711" />
  <Object
    Path="D:\Pachore_Mayuresh_ASDP\Pachore_Mayuresh_Project_3\Pachore_Mayuresh_Project_3\Logical\mappView\Layouts\My_Layout.layout"
    LogicalPath="mappView.Layouts.My_Layout.layout"
    Type="File"
    LastWriteTime="133895567575020711"
    Private="false" />
  <Object
    Path="D:\Pachore_Mayuresh_ASDP\Pachore_Mayuresh_Project_3\Pachore_Mayuresh_Project_3\Logical\mappView\Widgets\Package.pkg"
    LogicalPath="mappView.Widgets"
    Type="Package"
    LastWriteTime="133895567575040675" />
  <Object
    Path="D:\Pachore_Mayuresh_ASDP\Pachore_Mayuresh_Project_3\Pachore_Mayuresh_Project_3\Logical\mappView\Resources\Package.pkg"
    LogicalPath="mappView.Resources"
    Type="Package"
    LastWriteTime="133895567575120446" />
  <Object
    Path="D:\Pachore_Mayuresh_ASDP\Pachore_Mayuresh_Project_3\Pachore_Mayuresh_Project_3\Logical\mappView\Resources\Texts\Package.pkg"
    LogicalPath="mappView.Resources.Texts"
    Type="Package"
    LastWriteTime="133895567575060616" />
  <Object
    Path="D:\Pachore_Mayuresh_ASDP\Pachore_Mayuresh_Project_3\Pachore_Mayuresh_Project_3\Logical\mappView\Resources\Snippets\Package.pkg"
    LogicalPath="mappView.Resources.Snippets"
    Type="Package"
    LastWriteTime="133895567575090534" />
  <Object
    Path="D:\Pachore_Mayuresh_ASDP\Pachore_Mayuresh_Project_3\Pachore_Mayuresh_Project_3\Logical\mappView\Resources\Themes\Package.pkg"
    LogicalPath="mappView.Resources.Themes"
    Type="Package"
    LastWriteTime="133895567575100499" />
  <Object
    Path="D:\Pachore_Mayuresh_ASDP\Pachore_Mayuresh_Project_3\Pachore_Mayuresh_Project_3\Logical\mappView\Resources\Media\Package.pkg"
    LogicalPath="mappView.Resources.Media"
    Type="Package"
    LastWriteTime="133700420816550098" />
  <Object
    Path="D:\Pachore_Mayuresh_ASDP\Pachore_Mayuresh_Project_3\Pachore_Mayuresh_Project_3\Logical\mappView\Visualization\Package.pkg"
    LogicalPath="mappView.Visualization"
    Type="Package"
    LastWriteTime="133895567575349845" />
  <Object
    Path="D:\Pachore_Mayuresh_ASDP\Pachore_Mayuresh_Project_3\Pachore_Mayuresh_Project_3\Logical\mappView\Visualization\Pages\Package.pkg"
    LogicalPath="mappView.Visualization.Pages"
    Type="Package"
    LastWriteTime="133895567575250108" />
  <Object
    Path="D:\Pachore_Mayuresh_ASDP\Pachore_Mayuresh_Project_3\Pachore_Mayuresh_Project_3\Logical\mappView\Visualization\Pages\AreaContents\Package.pkg"
    LogicalPath="mappView.Visualization.Pages.AreaContents"
    Type="Package"
    LastWriteTime="133895567575170310" />
  <Object
    Path="D:\Pachore_Mayuresh_ASDP\Pachore_Mayuresh_Project_3\Pachore_Mayuresh_Project_3\Logical\mappView\Visualization\Pages\AreaContents\Top.content"
    LogicalPath="mappView.Visualization.Pages.AreaContents.Top.content"
    Type="File"
    LastWriteTime="133896058611885776"
    Private="false" />
  <Object
    Path="D:\Pachore_Mayuresh_ASDP\Pachore_Mayuresh_Project_3\Pachore_Mayuresh_Project_3\Logical\mappView\Visualization\Pages\AreaContents\Left.content"
    LogicalPath="mappView.Visualization.Pages.AreaContents.Left.content"
    Type="File"
    LastWriteTime="133895567575160341"
    Private="false" />
  <Object
    Path="D:\Pachore_Mayuresh_ASDP\Pachore_Mayuresh_Project_3\Pachore_Mayuresh_Project_3\Logical\mappView\Visualization\Pages\Operate_Page\Package.pkg"
    LogicalPath="mappView.Visualization.Pages.Operate_Page"
    Type="Package"
    LastWriteTime="133895567575190279" />
  <Object
    Path="D:\Pachore_Mayuresh_ASDP\Pachore_Mayuresh_Project_3\Pachore_Mayuresh_Project_3\Logical\mappView\Visualization\Pages\Operate_Page\Operate_Page.page"
    LogicalPath="mappView.Visualization.Pages.Operate_Page.Operate_Page.page"
    Type="File"
    LastWriteTime="133895567575180286"
    Private="false" />
  <Object
    Path="D:\Pachore_Mayuresh_ASDP\Pachore_Mayuresh_Project_3\Pachore_Mayuresh_Project_3\Logical\mappView\Visualization\Pages\Operate_Page\Content_Operate.content"
    LogicalPath="mappView.Visualization.Pages.Operate_Page.Content_Operate.content"
    Type="File"
    LastWriteTime="133898661036421937"
    Private="false" />
  <Object
    Path="D:\Pachore_Mayuresh_ASDP\Pachore_Mayuresh_Project_3\Pachore_Mayuresh_Project_3\Logical\mappView\Visualization\Pages\Alarm_Page\Package.pkg"
    LogicalPath="mappView.Visualization.Pages.Alarm_Page"
    Type="Package"
    LastWriteTime="133895567575220189" />
  <Object
    Path="D:\Pachore_Mayuresh_ASDP\Pachore_Mayuresh_Project_3\Pachore_Mayuresh_Project_3\Logical\mappView\Visualization\Pages\Alarm_Page\Alarm_Page.page"
    LogicalPath="mappView.Visualization.Pages.Alarm_Page.Alarm_Page.page"
    Type="File"
    LastWriteTime="133895567575210216"
    Private="false" />
  <Object
    Path="D:\Pachore_Mayuresh_ASDP\Pachore_Mayuresh_Project_3\Pachore_Mayuresh_Project_3\Logical\mappView\Visualization\Pages\Alarm_Page\Content_Alarms.content"
    LogicalPath="mappView.Visualization.Pages.Alarm_Page.Content_Alarms.content"
    Type="File"
    LastWriteTime="133898684059895903"
    Private="false" />
  <Object
    Path="D:\Pachore_Mayuresh_ASDP\Pachore_Mayuresh_Project_3\Pachore_Mayuresh_Project_3\Logical\mappView\Visualization\Pages\Service_Page\Package.pkg"
    LogicalPath="mappView.Visualization.Pages.Service_Page"
    Type="Package"
    LastWriteTime="133895567575250108" />
  <Object
    Path="D:\Pachore_Mayuresh_ASDP\Pachore_Mayuresh_Project_3\Pachore_Mayuresh_Project_3\Logical\mappView\Visualization\Pages\Service_Page\Service_Page.page"
    LogicalPath="mappView.Visualization.Pages.Service_Page.Service_Page.page"
    Type="File"
    LastWriteTime="133895567575240125"
    Private="false" />
  <Object
    Path="D:\Pachore_Mayuresh_ASDP\Pachore_Mayuresh_Project_3\Pachore_Mayuresh_Project_3\Logical\mappView\Visualization\Pages\Service_Page\Content_Service.content"
    LogicalPath="mappView.Visualization.Pages.Service_Page.Content_Service.content"
    Type="File"
    LastWriteTime="133895567575250108"
    Private="false" />
  <Object
    Path="D:\Pachore_Mayuresh_ASDP\Pachore_Mayuresh_Project_3\Pachore_Mayuresh_Project_3\Logical\mappView\Visualization\Variables\Package.pkg"
    LogicalPath="mappView.Visualization.Variables"
    Type="Package"
    LastWriteTime="133895567575260071" />
  <Object
    Path="D:\Pachore_Mayuresh_ASDP\Pachore_Mayuresh_Project_3\Pachore_Mayuresh_Project_3\Logical\mappView\Visualization\Expressions\Package.pkg"
    LogicalPath="mappView.Visualization.Expressions"
    Type="Package"
    LastWriteTime="133895567575280017" />
  <Object
    Path="D:\Pachore_Mayuresh_ASDP\Pachore_Mayuresh_Project_3\Pachore_Mayuresh_Project_3\Logical\mappView\Visualization\Layouts\Package.pkg"
    LogicalPath="mappView.Visualization.Layouts"
    Type="Package"
    LastWriteTime="133895567575290006" />
  <Object
    Path="D:\Pachore_Mayuresh_ASDP\Pachore_Mayuresh_Project_3\Pachore_Mayuresh_Project_3\Logical\mappView\Visualization\Dialogs\Package.pkg"
    LogicalPath="mappView.Visualization.Dialogs"
    Type="Package"
    LastWriteTime="133895567575309946" />
  <Object
    Path="D:\Pachore_Mayuresh_ASDP\Pachore_Mayuresh_Project_3\Pachore_Mayuresh_Project_3\Logical\mappView\Visualization\Dialogs\AreaContents\Package.pkg"
    LogicalPath="mappView.Visualization.Dialogs.AreaContents"
    Type="Package"
    LastWriteTime="133895567575309946" />
  <Object
    Path="D:\Pachore_Mayuresh_ASDP\Pachore_Mayuresh_Project_3\Pachore_Mayuresh_Project_3\Logical\mappView\Visualization\Resources\Package.pkg"
    LogicalPath="mappView.Visualization.Resources"
    Type="Package"
    LastWriteTime="133895567575349845" />
  <Object
    Path="D:\Pachore_Mayuresh_ASDP\Pachore_Mayuresh_Project_3\Pachore_Mayuresh_Project_3\Logical\mappView\Visualization\Resources\Texts\Package.pkg"
    LogicalPath="mappView.Visualization.Resources.Texts"
    Type="Package"
    LastWriteTime="133895567575339854" />
  <Object
    Path="D:\Pachore_Mayuresh_ASDP\Pachore_Mayuresh_Project_3\Pachore_Mayuresh_Project_3\Logical\mappView\Visualization\Resources\Snippets\Package.pkg"
    LogicalPath="mappView.Visualization.Resources.Snippets"
    Type="Package"
    LastWriteTime="133895567575349845" />
  <Object
    Path="D:\Pachore_Mayuresh_ASDP\Pachore_Mayuresh_Project_3\Pachore_Mayuresh_Project_3\Logical\LocalizableTexts.tmx"
    LogicalPath="LocalizableTexts.tmx"
    Type="File"
    LastWriteTime="133898683537061728"
    Private="false" />
  <Object
    Path="D:\Pachore_Mayuresh_ASDP\Pachore_Mayuresh_Project_3\Pachore_Mayuresh_Project_3\Logical\Project.language"
    LogicalPath="Project.language"
    Type="File"
    LastWriteTime="133895586222226548"
    Private="false" />
  <Object
    Path="D:\Pachore_Mayuresh_ASDP\Pachore_Mayuresh_Project_3\Pachore_Mayuresh_Project_3\Logical\Input_Bridge\IEC.prg"
    LogicalPath="Input_Bridge"
    Type="Program"
    LastWriteTime="133895527493430701" />
  <Object
    Path="D:\Pachore_Mayuresh_ASDP\Pachore_Mayuresh_Project_3\Pachore_Mayuresh_Project_3\Logical\Input_Bridge\Main.st"
    LogicalPath="Input_Bridge.Main.st"
    Type="File"
    LastWriteTime="133897202761807525"
    Private="false" />
  <Object
    Path="D:\Pachore_Mayuresh_ASDP\Pachore_Mayuresh_Project_3\Pachore_Mayuresh_Project_3\Logical\Input_Bridge\Types.typ"
    LogicalPath="Input_Bridge.Types.typ"
    Type="File"
    LastWriteTime="133895527493410818"
    Private="true" />
  <Object
    Path="D:\Pachore_Mayuresh_ASDP\Pachore_Mayuresh_Project_3\Pachore_Mayuresh_Project_3\Logical\Input_Bridge\Variables.var"
    LogicalPath="Input_Bridge.Variables.var"
    Type="File"
    LastWriteTime="133897175567385563"
    Private="true" />
  <Object
    Path="D:\Pachore_Mayuresh_ASDP\Pachore_Mayuresh_Project_3\Pachore_Mayuresh_Project_3\Logical\Output_Bridge\IEC.prg"
    LogicalPath="Output_Bridge"
    Type="Program"
    LastWriteTime="133895527528937918" />
  <Object
    Path="D:\Pachore_Mayuresh_ASDP\Pachore_Mayuresh_Project_3\Pachore_Mayuresh_Project_3\Logical\Output_Bridge\Main.st"
    LogicalPath="Output_Bridge.Main.st"
    Type="File"
    LastWriteTime="133895558143769651"
    Private="false" />
  <Object
    Path="D:\Pachore_Mayuresh_ASDP\Pachore_Mayuresh_Project_3\Pachore_Mayuresh_Project_3\Logical\Output_Bridge\Types.typ"
    LogicalPath="Output_Bridge.Types.typ"
    Type="File"
    LastWriteTime="133895527528927942"
    Private="true" />
  <Object
    Path="D:\Pachore_Mayuresh_ASDP\Pachore_Mayuresh_Project_3\Pachore_Mayuresh_Project_3\Logical\Output_Bridge\Variables.var"
    LogicalPath="Output_Bridge.Variables.var"
    Type="File"
    LastWriteTime="133895527528937918"
    Private="true" />
  <Object
    Path="D:\Pachore_Mayuresh_ASDP\Pachore_Mayuresh_Project_3\Pachore_Mayuresh_Project_3\Logical\Main_Control\IEC.prg"
    LogicalPath="Main_Control"
    Type="Program"
    LastWriteTime="133895586155398153" />
  <Object
    Path="D:\Pachore_Mayuresh_ASDP\Pachore_Mayuresh_Project_3\Pachore_Mayuresh_Project_3\Logical\Main_Control\Main.st"
    LogicalPath="Main_Control.Main.st"
    Type="File"
    LastWriteTime="133895593269319502"
    Private="false" />
  <Object
    Path="D:\Pachore_Mayuresh_ASDP\Pachore_Mayuresh_Project_3\Pachore_Mayuresh_Project_3\Logical\Main_Control\Types.typ"
    LogicalPath="Main_Control.Types.typ"
    Type="File"
    LastWriteTime="133895586155388187"
    Private="true" />
  <Object
    Path="D:\Pachore_Mayuresh_ASDP\Pachore_Mayuresh_Project_3\Pachore_Mayuresh_Project_3\Logical\Main_Control\Variables.var"
    LogicalPath="Main_Control.Variables.var"
    Type="File"
    LastWriteTime="133895586155388187"
    Private="true" />
  <Object
    Path="D:\Pachore_Mayuresh_ASDP\Pachore_Mayuresh_Project_3\Pachore_Mayuresh_Project_3\Logical\Feeder\IEC.prg"
    LogicalPath="Feeder"
    Type="Program"
    LastWriteTime="133895580402869964" />
  <Object
    Path="D:\Pachore_Mayuresh_ASDP\Pachore_Mayuresh_Project_3\Pachore_Mayuresh_Project_3\Logical\Feeder\Main.st"
    LogicalPath="Feeder.Main.st"
    Type="File"
    LastWriteTime="133895580402840028"
    Private="false" />
  <Object
    Path="D:\Pachore_Mayuresh_ASDP\Pachore_Mayuresh_Project_3\Pachore_Mayuresh_Project_3\Logical\Feeder\Types.typ"
    LogicalPath="Feeder.Types.typ"
    Type="File"
    LastWriteTime="133895580402859959"
    Private="true" />
  <Object
    Path="D:\Pachore_Mayuresh_ASDP\Pachore_Mayuresh_Project_3\Pachore_Mayuresh_Project_3\Logical\Feeder\Variables.var"
    LogicalPath="Feeder.Variables.var"
    Type="File"
    LastWriteTime="133895580402869964"
    Private="true" />
  <Object
    Path="D:\Pachore_Mayuresh_ASDP\Pachore_Mayuresh_Project_3\Pachore_Mayuresh_Project_3\Logical\Crane\IEC.prg"
    LogicalPath="Crane"
    Type="Program"
    LastWriteTime="133895584948673372" />
  <Object
    Path="D:\Pachore_Mayuresh_ASDP\Pachore_Mayuresh_Project_3\Pachore_Mayuresh_Project_3\Logical\Crane\Main.st"
    LogicalPath="Crane.Main.st"
    Type="File"
    LastWriteTime="133896393910511724"
    Private="false" />
  <Object
    Path="D:\Pachore_Mayuresh_ASDP\Pachore_Mayuresh_Project_3\Pachore_Mayuresh_Project_3\Logical\Crane\Types.typ"
    LogicalPath="Crane.Types.typ"
    Type="File"
    LastWriteTime="133895584948673372"
    Private="true" />
  <Object
    Path="D:\Pachore_Mayuresh_ASDP\Pachore_Mayuresh_Project_3\Pachore_Mayuresh_Project_3\Logical\Crane\Variables.var"
    LogicalPath="Crane.Variables.var"
    Type="File"
    LastWriteTime="133895584948673372"
    Private="true" />
  <Object
    Path="D:\Pachore_Mayuresh_ASDP\Pachore_Mayuresh_Project_3\Pachore_Mayuresh_Project_3\Logical\Pallet\IEC.prg"
    LogicalPath="Pallet"
    Type="Program"
    LastWriteTime="133895585758627289" />
  <Object
    Path="D:\Pachore_Mayuresh_ASDP\Pachore_Mayuresh_Project_3\Pachore_Mayuresh_Project_3\Logical\Pallet\Main.st"
    LogicalPath="Pallet.Main.st"
    Type="File"
    LastWriteTime="133896397349409087"
    Private="false" />
  <Object
    Path="D:\Pachore_Mayuresh_ASDP\Pachore_Mayuresh_Project_3\Pachore_Mayuresh_Project_3\Logical\Pallet\Types.typ"
    LogicalPath="Pallet.Types.typ"
    Type="File"
    LastWriteTime="133895585758607292"
    Private="true" />
  <Object
    Path="D:\Pachore_Mayuresh_ASDP\Pachore_Mayuresh_Project_3\Pachore_Mayuresh_Project_3\Logical\Pallet\Variables.var"
    LogicalPath="Pallet.Variables.var"
    Type="File"
    LastWriteTime="133895585758617282"
    Private="true" />
  <Object
    Path="D:\Pachore_Mayuresh_ASDP\Pachore_Mayuresh_Project_3\Pachore_Mayuresh_Project_3\Logical\Signal_Mangement\IEC.prg"
    LogicalPath="Signal_Mangement"
    Type="Program"
    LastWriteTime="133895586037540821" />
  <Object
    Path="D:\Pachore_Mayuresh_ASDP\Pachore_Mayuresh_Project_3\Pachore_Mayuresh_Project_3\Logical\Signal_Mangement\Main.st"
    LogicalPath="Signal_Mangement.Main.st"
    Type="File"
    LastWriteTime="133898655759034525"
    Private="false" />
  <Object
    Path="D:\Pachore_Mayuresh_ASDP\Pachore_Mayuresh_Project_3\Pachore_Mayuresh_Project_3\Logical\Signal_Mangement\Types.typ"
    LogicalPath="Signal_Mangement.Types.typ"
    Type="File"
    LastWriteTime="133895586037530842"
    Private="true" />
  <Object
    Path="D:\Pachore_Mayuresh_ASDP\Pachore_Mayuresh_Project_3\Pachore_Mayuresh_Project_3\Logical\Signal_Mangement\Variables.var"
    LogicalPath="Signal_Mangement.Variables.var"
    Type="File"
    LastWriteTime="133897051769245473"
    Private="true" />
  <Object
    Path="D:\Pachore_Mayuresh_ASDP\Pachore_Mayuresh_Project_3\Pachore_Mayuresh_Project_3\Physical\Config1\Config.pkg"
    LogicalPath="Config1"
    Type="Configuration.ParentUnknown"
    LastWriteTime="132341686840000000" />
  <Object
    Path="D:\Pachore_Mayuresh_ASDP\Pachore_Mayuresh_Project_3\Pachore_Mayuresh_Project_3\Physical\Config1\Hardware.hw"
    LogicalPath="Config1.Hardware.hw"
    Type="File"
    LastWriteTime="133897957798181776"
    Private="false" />
  <Object
    Path="D:\Pachore_Mayuresh_ASDP\Pachore_Mayuresh_Project_3\Pachore_Mayuresh_Project_3\Physical\Config1\Hardware.hwl"
    LogicalPath="Config1.Hardware.hwl"
    Type="File"
    LastWriteTime="133895482978070942"
    Private="false" />
  <Object
    Path="D:\Pachore_Mayuresh_ASDP\Pachore_Mayuresh_Project_3\Pachore_Mayuresh_Project_3\Physical\Config1\4PP065_0351_P74\Cpu.pkg"
    LogicalPath="Config1.4PP065_0351_P74"
    Type="Cpu"
    LastWriteTime="133898684455267347" />
  <Object
    Path="D:\Pachore_Mayuresh_ASDP\Pachore_Mayuresh_Project_3\Pachore_Mayuresh_Project_3\Physical\Config1\4PP065_0351_P74\Cpu.sw"
    LogicalPath="Config1.4PP065_0351_P74.Cpu.sw"
    Type="File"
    LastWriteTime="133897138045607544"
    Private="false" />
  <Object
    Path="D:\Pachore_Mayuresh_ASDP\Pachore_Mayuresh_Project_3\Pachore_Mayuresh_Project_3\Physical\Config1\4PP065_0351_P74\Cpu.per"
    LogicalPath="Config1.4PP065_0351_P74.Cpu.per"
    Type="File"
    LastWriteTime="132341686800000000"
    Private="false" />
  <Object
    Path="D:\Pachore_Mayuresh_ASDP\Pachore_Mayuresh_Project_3\Pachore_Mayuresh_Project_3\Physical\Config1\4PP065_0351_P74\IoMap.iom"
    LogicalPath="Config1.4PP065_0351_P74.IoMap.iom"
    Type="File"
    LastWriteTime="132341686800000000"
    Private="false" />
  <Object
    Path="D:\Pachore_Mayuresh_ASDP\Pachore_Mayuresh_Project_3\Pachore_Mayuresh_Project_3\Physical\Config1\4PP065_0351_P74\PvMap.vvm"
    LogicalPath="Config1.4PP065_0351_P74.PvMap.vvm"
    Type="File"
    LastWriteTime="132341686800000000"
    Private="false" />
  <Object
    Path="D:\Pachore_Mayuresh_ASDP\Pachore_Mayuresh_Project_3\Pachore_Mayuresh_Project_3\Physical\Config1\4PP065_0351_P74\Connectivity\Package.pkg"
    LogicalPath="Config1.4PP065_0351_P74.Connectivity"
    Type="Package"
    LastWriteTime="132341686800000000" />
  <Object
    Path="D:\Pachore_Mayuresh_ASDP\Pachore_Mayuresh_Project_3\Pachore_Mayuresh_Project_3\Physical\Config1\4PP065_0351_P74\Connectivity\OpcUA\Package.pkg"
    LogicalPath="Config1.4PP065_0351_P74.Connectivity.OpcUA"
    Type="Package"
    LastWriteTime="133895586993601359" />
  <Object
    Path="D:\Pachore_Mayuresh_ASDP\Pachore_Mayuresh_Project_3\Pachore_Mayuresh_Project_3\Physical\Config1\4PP065_0351_P74\Connectivity\OpcUA\OpcUaMap.uad"
    LogicalPath="Config1.4PP065_0351_P74.Connectivity.OpcUA.OpcUaMap.uad"
    Type="File"
    LastWriteTime="133898654858909260"
    Private="false" />
  <Object
    Path="D:\Pachore_Mayuresh_ASDP\Pachore_Mayuresh_Project_3\Pachore_Mayuresh_Project_3\Physical\Config1\4PP065_0351_P74\TextSystem\Package.pkg"
    LogicalPath="Config1.4PP065_0351_P74.TextSystem"
    Type="Package"
    LastWriteTime="133895587807496441" />
  <Object
    Path="D:\Pachore_Mayuresh_ASDP\Pachore_Mayuresh_Project_3\Pachore_Mayuresh_Project_3\Physical\Config1\4PP065_0351_P74\TextSystem\TC.textconfig"
    LogicalPath="Config1.4PP065_0351_P74.TextSystem.TC.textconfig"
    Type="File"
    LastWriteTime="133895587807496441"
    Private="false" />
  <Object
    Path="D:\Pachore_Mayuresh_ASDP\Pachore_Mayuresh_Project_3\Pachore_Mayuresh_Project_3\Physical\Config1\4PP065_0351_P74\UnitSystem\Package.pkg"
    LogicalPath="Config1.4PP065_0351_P74.UnitSystem"
    Type="Package"
    LastWriteTime="132341686800000000" />
  <Object
    Path="D:\Pachore_Mayuresh_ASDP\Pachore_Mayuresh_Project_3\Pachore_Mayuresh_Project_3\Physical\Config1\4PP065_0351_P74\AccessAndSecurity\Package.pkg"
    LogicalPath="Config1.4PP065_0351_P74.AccessAndSecurity"
    Type="Package"
    LastWriteTime="132341686800000000" />
  <Object
    Path="D:\Pachore_Mayuresh_ASDP\Pachore_Mayuresh_Project_3\Pachore_Mayuresh_Project_3\Physical\Config1\4PP065_0351_P74\AccessAndSecurity\UserRoleSystem\Package.pkg"
    LogicalPath="Config1.4PP065_0351_P74.AccessAndSecurity.UserRoleSystem"
    Type="Package"
    LastWriteTime="132341686800000000" />
  <Object
    Path="D:\Pachore_Mayuresh_ASDP\Pachore_Mayuresh_Project_3\Pachore_Mayuresh_Project_3\Physical\Config1\4PP065_0351_P74\AccessAndSecurity\UserRoleSystem\Role.role"
    LogicalPath="Config1.4PP065_0351_P74.AccessAndSecurity.UserRoleSystem.Role.role"
    Type="File"
    LastWriteTime="132341686800000000"
    Private="false" />
  <Object
    Path="D:\Pachore_Mayuresh_ASDP\Pachore_Mayuresh_Project_3\Pachore_Mayuresh_Project_3\Physical\Config1\4PP065_0351_P74\AccessAndSecurity\UserRoleSystem\User.user"
    LogicalPath="Config1.4PP065_0351_P74.AccessAndSecurity.UserRoleSystem.User.user"
    Type="File"
    LastWriteTime="132341686800000000"
    Private="false" />
  <Object
    Path="D:\Pachore_Mayuresh_ASDP\Pachore_Mayuresh_Project_3\Pachore_Mayuresh_Project_3\Physical\Config1\4PP065_0351_P74\AccessAndSecurity\CertificateStore\Package.pkg"
    LogicalPath="Config1.4PP065_0351_P74.AccessAndSecurity.CertificateStore"
    Type="Package"
    LastWriteTime="132341686800000000" />
  <Object
    Path="D:\Pachore_Mayuresh_ASDP\Pachore_Mayuresh_Project_3\Pachore_Mayuresh_Project_3\Physical\Config1\4PP065_0351_P74\AccessAndSecurity\CertificateStore\OwnCertificates\Package.pkg"
    LogicalPath="Config1.4PP065_0351_P74.AccessAndSecurity.CertificateStore.OwnCertificates"
    Type="Package"
    LastWriteTime="132341686800000000" />
  <Object
    Path="D:\Pachore_Mayuresh_ASDP\Pachore_Mayuresh_Project_3\Pachore_Mayuresh_Project_3\Physical\Config1\4PP065_0351_P74\AccessAndSecurity\CertificateStore\OwnCertificates\Certificates\Package.pkg"
    LogicalPath="Config1.4PP065_0351_P74.AccessAndSecurity.CertificateStore.OwnCertificates.Certificates"
    Type="Package"
    LastWriteTime="132341686800000000" />
  <Object
    Path="D:\Pachore_Mayuresh_ASDP\Pachore_Mayuresh_Project_3\Pachore_Mayuresh_Project_3\Physical\Config1\4PP065_0351_P74\AccessAndSecurity\CertificateStore\OwnCertificates\PrivateKeys\Package.pkg"
    LogicalPath="Config1.4PP065_0351_P74.AccessAndSecurity.CertificateStore.OwnCertificates.PrivateKeys"
    Type="Package"
    LastWriteTime="132341686800000000" />
  <Object
    Path="D:\Pachore_Mayuresh_ASDP\Pachore_Mayuresh_Project_3\Pachore_Mayuresh_Project_3\Physical\Config1\4PP065_0351_P74\AccessAndSecurity\CertificateStore\ThirdPartyCertificates\Package.pkg"
    LogicalPath="Config1.4PP065_0351_P74.AccessAndSecurity.CertificateStore.ThirdPartyCertificates"
    Type="Package"
    LastWriteTime="132341686800000000" />
  <Object
    Path="D:\Pachore_Mayuresh_ASDP\Pachore_Mayuresh_Project_3\Pachore_Mayuresh_Project_3\Physical\Config1\4PP065_0351_P74\AccessAndSecurity\CertificateStore\ThirdPartyCertificates\SoftwareCertificates\Package.pkg"
    LogicalPath="Config1.4PP065_0351_P74.AccessAndSecurity.CertificateStore.ThirdPartyCertificates.SoftwareCertificates"
    Type="Package"
    LastWriteTime="132341686800000000" />
  <Object
    Path="D:\Pachore_Mayuresh_ASDP\Pachore_Mayuresh_Project_3\Pachore_Mayuresh_Project_3\Physical\Config1\4PP065_0351_P74\AccessAndSecurity\CertificateStore\CertificateRevocationLists\Package.pkg"
    LogicalPath="Config1.4PP065_0351_P74.AccessAndSecurity.CertificateStore.CertificateRevocationLists"
    Type="Package"
    LastWriteTime="132341686800000000" />
  <Object
    Path="D:\Pachore_Mayuresh_ASDP\Pachore_Mayuresh_Project_3\Pachore_Mayuresh_Project_3\Physical\Config1\4PP065_0351_P74\AccessAndSecurity\CertificateStore\CertificateSigningRequests\Package.pkg"
    LogicalPath="Config1.4PP065_0351_P74.AccessAndSecurity.CertificateStore.CertificateSigningRequests"
    Type="Package"
    LastWriteTime="132341686800000000" />
  <Object
    Path="D:\Pachore_Mayuresh_ASDP\Pachore_Mayuresh_Project_3\Pachore_Mayuresh_Project_3\Physical\Config1\4PP065_0351_P74\AccessAndSecurity\TransportLayerSecurity\Package.pkg"
    LogicalPath="Config1.4PP065_0351_P74.AccessAndSecurity.TransportLayerSecurity"
    Type="Package"
    LastWriteTime="132341686800000000" />
  <Object
    Path="D:\Pachore_Mayuresh_ASDP\Pachore_Mayuresh_Project_3\Pachore_Mayuresh_Project_3\Physical\Config1\4PP065_0351_P74\AccessAndSecurity\Firewall\Package.pkg"
    LogicalPath="Config1.4PP065_0351_P74.AccessAndSecurity.Firewall"
    Type="Package"
    LastWriteTime="132341686800000000" />
  <Object
    Path="D:\Pachore_Mayuresh_ASDP\Pachore_Mayuresh_Project_3\Pachore_Mayuresh_Project_3\Physical\Config1\4PP065_0351_P74\AccessAndSecurity\Firewall\Rules.firewallRules"
    LogicalPath="Config1.4PP065_0351_P74.AccessAndSecurity.Firewall.Rules.firewallRules"
    Type="File"
    LastWriteTime="132341686800000000"
    Private="false" />
  <Object
    Path="D:\Pachore_Mayuresh_ASDP\Pachore_Mayuresh_Project_3\Pachore_Mayuresh_Project_3\Physical\Config1\4PP065_0351_P74\mappControl\Package.pkg"
    LogicalPath="Config1.4PP065_0351_P74.mappControl"
    Type="Package"
    LastWriteTime="132341686800000000" />
  <Object
    Path="D:\Pachore_Mayuresh_ASDP\Pachore_Mayuresh_Project_3\Pachore_Mayuresh_Project_3\Physical\Config1\4PP065_0351_P74\mappMotion\Package.pkg"
    LogicalPath="Config1.4PP065_0351_P74.mappMotion"
    Type="Package"
    LastWriteTime="132341686800000000" />
  <Object
    Path="D:\Pachore_Mayuresh_ASDP\Pachore_Mayuresh_Project_3\Pachore_Mayuresh_Project_3\Physical\Config1\4PP065_0351_P74\mappServices\Package.pkg"
    LogicalPath="Config1.4PP065_0351_P74.mappServices"
    Type="Package"
    LastWriteTime="132341686800000000" />
  <Object
    Path="D:\Pachore_Mayuresh_ASDP\Pachore_Mayuresh_Project_3\Pachore_Mayuresh_Project_3\Physical\Config1\4PP065_0351_P74\mappView\Package.pkg"
    LogicalPath="Config1.4PP065_0351_P74.mappView"
    Type="Package"
    LastWriteTime="133895588976138829" />
  <Object
    Path="D:\Pachore_Mayuresh_ASDP\Pachore_Mayuresh_Project_3\Pachore_Mayuresh_Project_3\Physical\Config1\4PP065_0351_P74\mappView\Alarm.binding"
    LogicalPath="Config1.4PP065_0351_P74.mappView.Alarm.binding"
    Type="File"
    LastWriteTime="133898685540386216"
    Private="false" />
  <Object
    Path="D:\Pachore_Mayuresh_ASDP\Pachore_Mayuresh_Project_3\Pachore_Mayuresh_Project_3\Physical\Config1\4PP065_0351_P74\mappView\Config.mappviewcfg"
    LogicalPath="Config1.4PP065_0351_P74.mappView.Config.mappviewcfg"
    Type="File"
    LastWriteTime="133895588695010105"
    Private="false" />
  <Object
    Path="D:\Pachore_Mayuresh_ASDP\Pachore_Mayuresh_Project_3\Pachore_Mayuresh_Project_3\Physical\Config1\4PP065_0351_P74\mappView\Operate.binding"
    LogicalPath="Config1.4PP065_0351_P74.mappView.Operate.binding"
    Type="File"
    LastWriteTime="133898660762487624"
    Private="false" />
  <Object
    Path="D:\Pachore_Mayuresh_ASDP\Pachore_Mayuresh_Project_3\Pachore_Mayuresh_Project_3\Physical\Config1\4PP065_0351_P74\mappView\Service.binding"
    LogicalPath="Config1.4PP065_0351_P74.mappView.Service.binding"
    Type="File"
    LastWriteTime="133895588832240625"
    Private="false" />
  <Object
    Path="D:\Pachore_Mayuresh_ASDP\Pachore_Mayuresh_Project_3\Pachore_Mayuresh_Project_3\Physical\Config1\4PP065_0351_P74\mappView\Top.binding"
    LogicalPath="Config1.4PP065_0351_P74.mappView.Top.binding"
    Type="File"
    LastWriteTime="133896058612005568"
    Private="false" />
  <Object
    Path="D:\Pachore_Mayuresh_ASDP\Pachore_Mayuresh_Project_3\Pachore_Mayuresh_Project_3\Physical\Config1\4PP065_0351_P74\mappView\Visualizat.vis"
    LogicalPath="Config1.4PP065_0351_P74.mappView.Visualizat.vis"
    Type="File"
    LastWriteTime="133895588976138829"
    Private="false" />
  <Object
    Path="D:\Pachore_Mayuresh_ASDP\Pachore_Mayuresh_Project_3\Pachore_Mayuresh_Project_3\Physical\Config1\4PP065_0351_P74\mappCockpit\Package.pkg"
    LogicalPath="Config1.4PP065_0351_P74.mappCockpit"
    Type="Package"
    LastWriteTime="132341686800000000" />
  <Object
    Path="D:\Pachore_Mayuresh_ASDP\Pachore_Mayuresh_Project_3\Pachore_Mayuresh_Project_3\Physical\Config1\4PP065_0351_P74\VC\Package.pkg"
    LogicalPath="Config1.4PP065_0351_P74.VC"
    Type="Package"
    LastWriteTime="132341686820000000" />
  <Object
    Path="D:\Pachore_Mayuresh_ASDP\Pachore_Mayuresh_Project_3\Pachore_Mayuresh_Project_3\Physical\Config1\4PP065_0351_P74\VC\4PP065_0351_P74.dis"
    LogicalPath="Config1.4PP065_0351_P74.VC.4PP065_0351_P74.dis"
    Type="File"
    LastWriteTime="132341686820000000"
    Private="false" />
  <Object
    Path="D:\Pachore_Mayuresh_ASDP\Pachore_Mayuresh_Project_3\Pachore_Mayuresh_Project_3\Physical\Config1\Hardware.jpg"
    LogicalPath="Config1.Hardware.jpg"
    Type="File"
    LastWriteTime="132343603880000000"
    Private="false" />
</Objects>