D:\Pachore_Mayuresh_ASDP\Pachore_Mayuresh_Project_3\Pachore_Mayuresh_Project_3\Logical\MNG_Global.typ
D:\Pachore_Mayuresh_ASDP\Pachore_Mayuresh_Project_3\Pachore_Mayuresh_Project_3\Logical\MNG_Package.typ
D:\Pachore_Mayuresh_ASDP\Pachore_Mayuresh_Project_3\Pachore_Mayuresh_Project_3\Logical\MNG_Package.var
D:\Pachore_Mayuresh_ASDP\Pachore_Mayuresh_Project_3\Pachore_Mayuresh_Project_3\Logical\Global.typ
D:\Pachore_Mayuresh_ASDP\Pachore_Mayuresh_Project_3\Pachore_Mayuresh_Project_3\Logical\Global.var
D:\Pachore_Mayuresh_ASDP\Pachore_Mayuresh_Project_3\Pachore_Mayuresh_Project_3\Logical\Libraries\operator\operator.fun
D:\Pachore_Mayuresh_ASDP\Pachore_Mayuresh_Project_3\Pachore_Mayuresh_Project_3\Logical\Libraries\operator\operator.typ
D:\Pachore_Mayuresh_ASDP\Pachore_Mayuresh_Project_3\Pachore_Mayuresh_Project_3\Logical\Libraries\operator\operator.var
D:\Pachore_Mayuresh_ASDP\Pachore_Mayuresh_Project_3\Pachore_Mayuresh_Project_3\Logical\Libraries\runtime\runtime.fun
D:\Pachore_Mayuresh_ASDP\Pachore_Mayuresh_Project_3\Pachore_Mayuresh_Project_3\Logical\Libraries\runtime\runtime.typ
D:\Pachore_Mayuresh_ASDP\Pachore_Mayuresh_Project_3\Pachore_Mayuresh_Project_3\Logical\Libraries\runtime\runtime.var
D:\Pachore_Mayuresh_ASDP\Pachore_Mayuresh_Project_3\Pachore_Mayuresh_Project_3\Logical\Libraries\astime\astime.fun
D:\Pachore_Mayuresh_ASDP\Pachore_Mayuresh_Project_3\Pachore_Mayuresh_Project_3\Logical\Libraries\astime\astime.typ
D:\Pachore_Mayuresh_ASDP\Pachore_Mayuresh_Project_3\Pachore_Mayuresh_Project_3\Logical\Libraries\astime\astime.var
D:\Pachore_Mayuresh_ASDP\Pachore_Mayuresh_Project_3\Pachore_Mayuresh_Project_3\Logical\Libraries\AsIecCon\AsIecCon.fun
D:\Pachore_Mayuresh_ASDP\Pachore_Mayuresh_Project_3\Pachore_Mayuresh_Project_3\Logical\Libraries\AsIecCon\AsIecCon.typ
D:\Pachore_Mayuresh_ASDP\Pachore_Mayuresh_Project_3\Pachore_Mayuresh_Project_3\Logical\Libraries\AsIecCon\AsIecCon.var
D:\Pachore_Mayuresh_ASDP\Pachore_Mayuresh_Project_3\Pachore_Mayuresh_Project_3\Logical\Libraries\Acp10man\Acp10man.typ
D:\Pachore_Mayuresh_ASDP\Pachore_Mayuresh_Project_3\Pachore_Mayuresh_Project_3\Logical\Libraries\Acp10par\Acp10par.var
D:\Pachore_Mayuresh_ASDP\Pachore_Mayuresh_Project_3\Pachore_Mayuresh_Project_3\Logical\Libraries\NcGlobal\NcGlobal.fun
D:\Pachore_Mayuresh_ASDP\Pachore_Mayuresh_Project_3\Pachore_Mayuresh_Project_3\Logical\Libraries\NcGlobal\NcGlobal.typ
D:\Pachore_Mayuresh_ASDP\Pachore_Mayuresh_Project_3\Pachore_Mayuresh_Project_3\Logical\Libraries\NcGlobal\NcGlobal.var
D:\Pachore_Mayuresh_ASDP\Pachore_Mayuresh_Project_3\Pachore_Mayuresh_Project_3\Logical\Libraries\AsTCP\AsTCP.fun
D:\Pachore_Mayuresh_ASDP\Pachore_Mayuresh_Project_3\Pachore_Mayuresh_Project_3\Logical\Libraries\AsTCP\AsTCP.typ
D:\Pachore_Mayuresh_ASDP\Pachore_Mayuresh_Project_3\Pachore_Mayuresh_Project_3\Logical\Libraries\AsTCP\AsTCP.var
D:\Pachore_Mayuresh_ASDP\Pachore_Mayuresh_Project_3\Pachore_Mayuresh_Project_3\Logical\Libraries\standard\standard.fun
D:\Pachore_Mayuresh_ASDP\Pachore_Mayuresh_Project_3\Pachore_Mayuresh_Project_3\Logical\Libraries\standard\standard.typ
D:\Pachore_Mayuresh_ASDP\Pachore_Mayuresh_Project_3\Pachore_Mayuresh_Project_3\Logical\Libraries\standard\standard.var
D:\Pachore_Mayuresh_ASDP\Pachore_Mayuresh_Project_3\Pachore_Mayuresh_Project_3\Logical\Libraries\AsArLog\AsArLog.fun
D:\Pachore_Mayuresh_ASDP\Pachore_Mayuresh_Project_3\Pachore_Mayuresh_Project_3\Logical\Libraries\AsArLog\AsArLog.typ
D:\Pachore_Mayuresh_ASDP\Pachore_Mayuresh_Project_3\Pachore_Mayuresh_Project_3\Logical\Libraries\AsArLog\AsArLog.var
D:\Pachore_Mayuresh_ASDP\Pachore_Mayuresh_Project_3\Pachore_Mayuresh_Project_3\Logical\Libraries\AsBrStr\AsBrStr.fun
D:\Pachore_Mayuresh_ASDP\Pachore_Mayuresh_Project_3\Pachore_Mayuresh_Project_3\Logical\Libraries\AsBrStr\AsBrStr.typ
D:\Pachore_Mayuresh_ASDP\Pachore_Mayuresh_Project_3\Pachore_Mayuresh_Project_3\Logical\Libraries\AsBrStr\AsBrStr.var
D:\Pachore_Mayuresh_ASDP\Pachore_Mayuresh_Project_3\Pachore_Mayuresh_Project_3\Logical\Libraries\S_filter\Types.typ
D:\Pachore_Mayuresh_ASDP\Pachore_Mayuresh_Project_3\Pachore_Mayuresh_Project_3\Logical\Libraries\S_filter\Constants.var
D:\Pachore_Mayuresh_ASDP\Pachore_Mayuresh_Project_3\Pachore_Mayuresh_Project_3\Logical\Libraries\S_filter\S_filter.fun
D:\Pachore_Mayuresh_ASDP\Pachore_Mayuresh_Project_3\Pachore_Mayuresh_Project_3\Logical\Libraries\Signal_Mng\Types.typ
D:\Pachore_Mayuresh_ASDP\Pachore_Mayuresh_Project_3\Pachore_Mayuresh_Project_3\Logical\Libraries\Signal_Mng\Constants.var
D:\Pachore_Mayuresh_ASDP\Pachore_Mayuresh_Project_3\Pachore_Mayuresh_Project_3\Logical\Libraries\Signal_Mng\Signal_Mng.fun
D:\Pachore_Mayuresh_ASDP\Pachore_Mayuresh_Project_3\Pachore_Mayuresh_Project_3\Logical\Libraries\Gen_Axis\Types.typ
D:\Pachore_Mayuresh_ASDP\Pachore_Mayuresh_Project_3\Pachore_Mayuresh_Project_3\Logical\Libraries\Gen_Axis\Constants.var
D:\Pachore_Mayuresh_ASDP\Pachore_Mayuresh_Project_3\Pachore_Mayuresh_Project_3\Logical\Libraries\Gen_Axis\Gen_Axis.fun
D:\Pachore_Mayuresh_ASDP\Pachore_Mayuresh_Project_3\Pachore_Mayuresh_Project_3\Logical\Libraries\Gen_Device\Types.typ
D:\Pachore_Mayuresh_ASDP\Pachore_Mayuresh_Project_3\Pachore_Mayuresh_Project_3\Logical\Libraries\Gen_Device\Constants.var
D:\Pachore_Mayuresh_ASDP\Pachore_Mayuresh_Project_3\Pachore_Mayuresh_Project_3\Logical\Libraries\Gen_Device\Gen_Device.fun
D:\Pachore_Mayuresh_ASDP\Pachore_Mayuresh_Project_3\Pachore_Mayuresh_Project_3\Logical\Libraries\Blink\Types.typ
D:\Pachore_Mayuresh_ASDP\Pachore_Mayuresh_Project_3\Pachore_Mayuresh_Project_3\Logical\Libraries\Blink\Constants.var
D:\Pachore_Mayuresh_ASDP\Pachore_Mayuresh_Project_3\Pachore_Mayuresh_Project_3\Logical\Libraries\Blink\Blink.fun
D:\Pachore_Mayuresh_ASDP\Pachore_Mayuresh_Project_3\Pachore_Mayuresh_Project_3\Logical\Libraries\sys_lib\sys_lib.fun
D:\Pachore_Mayuresh_ASDP\Pachore_Mayuresh_Project_3\Pachore_Mayuresh_Project_3\Logical\Libraries\sys_lib\sys_lib.typ
D:\Pachore_Mayuresh_ASDP\Pachore_Mayuresh_Project_3\Pachore_Mayuresh_Project_3\Logical\Libraries\sys_lib\sys_lib.var
